// Jest Snapshot v1, https://goo.gl/fbAQLP

exports[`test on <TodoList /> should render component 1`] = `
<Fragment>
  <ul
    className="todo-list"
  >
    <TodoListItem
      handleComplete={[MockFunction]}
      handleDelete={[MockFunction]}
      index={0}
      key="1"
      todo={
        Object {
          "desc": "Estudiar React",
          "done": false,
          "id": 1,
        }
      }
    />
    <TodoListItem
      handleComplete={[MockFunction]}
      handleDelete={[MockFunction]}
      index={1}
      key="2"
      todo={
        Object {
          "desc": "Estudiar React",
          "done": false,
          "id": 2,
        }
      }
    />
  </ul>
</Fragment>
`;
