// Jest Snapshot v1, https://goo.gl/fbAQLP

exports[`Test on <RealExampleUseRef /> should render component 1`] = `
<div
  className="container"
>
  <h1>
    RealExampleUseRef
  </h1>
  <hr />
  <button
    className="btn btn-outline-primary mt-3"
    onClick={[Function]}
  >
    Show/Hide
  </button>
</div>
`;
